  main.cpp
  App.cpp
  GameManager.cpp
  Camera.cpp
  InputManager.cpp
  Tunables.cpp
  Window.cpp
  Renderer.cpp
  Shader.cpp
  Texture.cpp
  VertexBuffer.cpp
  UniformBuffer.cpp
  ShaderStorageBuffer.cpp
  Cubemap.cpp
  Player.cpp
  Enemy.cpp
  Ground.cpp
  Crosshair.cpp
  Line.cpp
  GltfModel.cpp
  GltfNode.cpp
  GltfAnimationClip.cpp
  GltfAnimationChannel.cpp
  Component.cpp
  AudioComponent.cpp
  SkinnedMeshComponent.cpp
  NavMeshManager.cpp
  AABB.cpp
  PhysicsWorld.cpp
  AudioSystem.cpp
  AudioManager.cpp
  SoundEvent.cpp
  Logger.cpp
  tiny_gltf.cc
  imgui.cpp
  imgui_demo.cpp
  imgui_draw.cpp
  imgui_tables.cpp
  imgui_widgets.cpp
  imgui_impl_glfw.cpp
  imgui_impl_opengl3.cpp
  ImGuizmo.cpp
  Recast.cpp
  RecastAlloc.cpp
  RecastArea.cpp
  RecastAssert.cpp
  RecastContour.cpp
  RecastFilter.cpp
  RecastLayers.cpp
  RecastMesh.cpp
  RecastMeshDetail.cpp
  RecastRasterization.cpp
D:\dev\Gameplay\NPC_RL_Prototype\include\imgui\ImGuizmo.cpp(1354,123): warning C4244: 'argument': conversion from 'float' to 'ImDrawFlags', possible loss of data
D:\dev\Gameplay\NPC_RL_Prototype\include\imgui\ImGuizmo.cpp(1384,125): warning C4244: 'argument': conversion from 'float' to 'ImDrawFlags', possible loss of data
D:\dev\Gameplay\NPC_RL_Prototype\include\imgui\ImGuizmo.cpp(1647,91): warning C4244: 'argument': conversion from 'float' to 'ImDrawFlags', possible loss of data
  RecastRegion.cpp
  DetourAlloc.cpp
  DetourAssert.cpp
  DetourCommon.cpp
  DetourNavMesh.cpp
  DetourNavMeshBuilder.cpp
  DetourNavMeshQuery.cpp
  DetourNode.cpp
  DetourCrowd.cpp
  DetourLocalBoundary.cpp
  DetourObstacleAvoidance.cpp
D:\dev\Gameplay\NPC_RL_Prototype\src\Components\SkinnedMeshComponent.cpp(99,55): warning C4244: 'argument': conversion from 'double' to 'float', possible loss of data
D:\dev\Gameplay\NPC_RL_Prototype\src\Components\SkinnedMeshComponent.cpp(106,22): warning C4244: 'argument': conversion from 'double' to 'float', possible loss of data
  DetourPathCorridor.cpp
  DetourPathQueue.cpp
  DetourProximityGrid.cpp
D:\dev\Gameplay\NPC_RL_Prototype\src\Model\GltfModel.cpp(173,27): warning C4267: 'initializing': conversion from 'size_t' to 'int', possible loss of data
D:\dev\Gameplay\NPC_RL_Prototype\src\Model\GltfModel.cpp(179,27): warning C4267: 'initializing': conversion from 'size_t' to 'int', possible loss of data
D:\dev\Gameplay\NPC_RL_Prototype\src\Model\GltfModel.cpp(526,74): warning C4244: 'argument': conversion from 'double' to 'float', possible loss of data
D:\dev\Gameplay\NPC_RL_Prototype\src\Model\GltfModel.cpp(532,41): warning C4244: 'argument': conversion from 'double' to 'float', possible loss of data
D:\dev\Gameplay\NPC_RL_Prototype\src\Model\GltfModel.cpp(540,21): warning C4244: 'initializing': conversion from '_Rep' to 'double', possible loss of data
D:\dev\Gameplay\NPC_RL_Prototype\src\Model\GltfModel.cpp(540,21): warning C4244:         with
D:\dev\Gameplay\NPC_RL_Prototype\src\Model\GltfModel.cpp(540,21): warning C4244:         [
D:\dev\Gameplay\NPC_RL_Prototype\src\Model\GltfModel.cpp(540,21): warning C4244:             _Rep=__int64
D:\dev\Gameplay\NPC_RL_Prototype\src\Model\GltfModel.cpp(540,21): warning C4244:         ]
D:\dev\Gameplay\NPC_RL_Prototype\src\Model\GltfModel.cpp(608,40): warning C4267: 'argument': conversion from 'size_t' to 'GLsizei', possible loss of data
D:\dev\Gameplay\NPC_RL_Prototype\src\Model\GltfModel.cpp(642,19): warning C4267: 'initializing': conversion from 'size_t' to 'int', possible loss of data
D:\dev\Gameplay\NPC_RL_Prototype\src\Model\GltfModel.cpp(671,20): warning C4267: 'initializing': conversion from 'size_t' to 'int', possible loss of data
D:\dev\Gameplay\NPC_RL_Prototype\src\Model\GltfModel.cpp(827,34): warning C4267: 'argument': conversion from 'size_t' to 'GLsizei', possible loss of data
D:\dev\Gameplay\NPC_RL_Prototype\src\GameObjects\Ground.cpp(93,29): warning C4267: 'argument': conversion from 'size_t' to 'GLsizei', possible loss of data
D:\dev\Gameplay\NPC_RL_Prototype\src\GameObjects\Player.cpp(73,29): warning C4267: 'argument': conversion from 'size_t' to 'GLsizei', possible loss of data
D:\dev\Gameplay\NPC_RL_Prototype\src\GameObjects\Ground.cpp(315,67): warning C4244: 'argument': conversion from 'const double' to 'float', possible loss of data
D:\dev\Gameplay\NPC_RL_Prototype\src\GameObjects\Ground.cpp(316,68): warning C4244: 'argument': conversion from 'const double' to 'float', possible loss of data
D:\dev\Gameplay\NPC_RL_Prototype\src\GameObjects\Ground.cpp(455,29): warning C4267: 'argument': conversion from 'size_t' to 'GLsizei', possible loss of data
D:\dev\Gameplay\NPC_RL_Prototype\src\GameObjects\Player.cpp(289,67): warning C4244: 'argument': conversion from 'const double' to 'float', possible loss of data
D:\dev\Gameplay\NPC_RL_Prototype\src\GameObjects\Player.cpp(290,68): warning C4244: 'argument': conversion from 'const double' to 'float', possible loss of data
D:\dev\Gameplay\NPC_RL_Prototype\src\GameObjects\Enemy.cpp(157,30): warning C4267: 'argument': conversion from 'size_t' to 'GLsizei', possible loss of data
D:\dev\Gameplay\NPC_RL_Prototype\src\GameObjects\Enemy.cpp(169,30): warning C4267: 'argument': conversion from 'size_t' to 'GLsizei', possible loss of data
D:\dev\Gameplay\NPC_RL_Prototype\src\GameObjects\Enemy.cpp(358,67): warning C4244: 'argument': conversion from 'const double' to 'float', possible loss of data
D:\dev\Gameplay\NPC_RL_Prototype\src\GameObjects\Enemy.cpp(359,68): warning C4244: 'argument': conversion from 'const double' to 'float', possible loss of data
  glad.c
glfw3.lib(window.obj) : warning LNK4099: PDB 'glfw3.pdb' was not found with 'glfw3.lib(window.obj)' or at 'D:\dev\Gameplay\NPC_RL_Prototype\build\Release\glfw3.pdb'; linking object as if no debug info
glfw3.lib(input.obj) : warning LNK4099: PDB 'glfw3.pdb' was not found with 'glfw3.lib(input.obj)' or at 'D:\dev\Gameplay\NPC_RL_Prototype\build\Release\glfw3.pdb'; linking object as if no debug info
glfw3.lib(init.obj) : warning LNK4099: PDB 'glfw3.pdb' was not found with 'glfw3.lib(init.obj)' or at 'D:\dev\Gameplay\NPC_RL_Prototype\build\Release\glfw3.pdb'; linking object as if no debug info
glfw3.lib(context.obj) : warning LNK4099: PDB 'glfw3.pdb' was not found with 'glfw3.lib(context.obj)' or at 'D:\dev\Gameplay\NPC_RL_Prototype\build\Release\glfw3.pdb'; linking object as if no debug info
glfw3.lib(monitor.obj) : warning LNK4099: PDB 'glfw3.pdb' was not found with 'glfw3.lib(monitor.obj)' or at 'D:\dev\Gameplay\NPC_RL_Prototype\build\Release\glfw3.pdb'; linking object as if no debug info
glfw3.lib(win32_window.obj) : warning LNK4099: PDB 'glfw3.pdb' was not found with 'glfw3.lib(win32_window.obj)' or at 'D:\dev\Gameplay\NPC_RL_Prototype\build\Release\glfw3.pdb'; linking object as if no debug info
glfw3.lib(win32_thread.obj) : warning LNK4099: PDB 'glfw3.pdb' was not found with 'glfw3.lib(win32_thread.obj)' or at 'D:\dev\Gameplay\NPC_RL_Prototype\build\Release\glfw3.pdb'; linking object as if no debug info
glfw3.lib(win32_time.obj) : warning LNK4099: PDB 'glfw3.pdb' was not found with 'glfw3.lib(win32_time.obj)' or at 'D:\dev\Gameplay\NPC_RL_Prototype\build\Release\glfw3.pdb'; linking object as if no debug info
glfw3.lib(platform.obj) : warning LNK4099: PDB 'glfw3.pdb' was not found with 'glfw3.lib(platform.obj)' or at 'D:\dev\Gameplay\NPC_RL_Prototype\build\Release\glfw3.pdb'; linking object as if no debug info
glfw3.lib(vulkan.obj) : warning LNK4099: PDB 'glfw3.pdb' was not found with 'glfw3.lib(vulkan.obj)' or at 'D:\dev\Gameplay\NPC_RL_Prototype\build\Release\glfw3.pdb'; linking object as if no debug info
glfw3.lib(win32_init.obj) : warning LNK4099: PDB 'glfw3.pdb' was not found with 'glfw3.lib(win32_init.obj)' or at 'D:\dev\Gameplay\NPC_RL_Prototype\build\Release\glfw3.pdb'; linking object as if no debug info
glfw3.lib(win32_monitor.obj) : warning LNK4099: PDB 'glfw3.pdb' was not found with 'glfw3.lib(win32_monitor.obj)' or at 'D:\dev\Gameplay\NPC_RL_Prototype\build\Release\glfw3.pdb'; linking object as if no debug info
glfw3.lib(wgl_context.obj) : warning LNK4099: PDB 'glfw3.pdb' was not found with 'glfw3.lib(wgl_context.obj)' or at 'D:\dev\Gameplay\NPC_RL_Prototype\build\Release\glfw3.pdb'; linking object as if no debug info
glfw3.lib(egl_context.obj) : warning LNK4099: PDB 'glfw3.pdb' was not found with 'glfw3.lib(egl_context.obj)' or at 'D:\dev\Gameplay\NPC_RL_Prototype\build\Release\glfw3.pdb'; linking object as if no debug info
glfw3.lib(osmesa_context.obj) : warning LNK4099: PDB 'glfw3.pdb' was not found with 'glfw3.lib(osmesa_context.obj)' or at 'D:\dev\Gameplay\NPC_RL_Prototype\build\Release\glfw3.pdb'; linking object as if no debug info
glfw3.lib(null_init.obj) : warning LNK4099: PDB 'glfw3.pdb' was not found with 'glfw3.lib(null_init.obj)' or at 'D:\dev\Gameplay\NPC_RL_Prototype\build\Release\glfw3.pdb'; linking object as if no debug info
glfw3.lib(win32_module.obj) : warning LNK4099: PDB 'glfw3.pdb' was not found with 'glfw3.lib(win32_module.obj)' or at 'D:\dev\Gameplay\NPC_RL_Prototype\build\Release\glfw3.pdb'; linking object as if no debug info
glfw3.lib(win32_joystick.obj) : warning LNK4099: PDB 'glfw3.pdb' was not found with 'glfw3.lib(win32_joystick.obj)' or at 'D:\dev\Gameplay\NPC_RL_Prototype\build\Release\glfw3.pdb'; linking object as if no debug info
glfw3.lib(null_monitor.obj) : warning LNK4099: PDB 'glfw3.pdb' was not found with 'glfw3.lib(null_monitor.obj)' or at 'D:\dev\Gameplay\NPC_RL_Prototype\build\Release\glfw3.pdb'; linking object as if no debug info
glfw3.lib(null_window.obj) : warning LNK4099: PDB 'glfw3.pdb' was not found with 'glfw3.lib(null_window.obj)' or at 'D:\dev\Gameplay\NPC_RL_Prototype\build\Release\glfw3.pdb'; linking object as if no debug info
glfw3.lib(null_joystick.obj) : warning LNK4099: PDB 'glfw3.pdb' was not found with 'glfw3.lib(null_joystick.obj)' or at 'D:\dev\Gameplay\NPC_RL_Prototype\build\Release\glfw3.pdb'; linking object as if no debug info
LINK : warning LNK4098: defaultlib 'MSVCRTD' conflicts with use of other libs; use /NODEFAULTLIB:library
  NPC_RL_Prototype.vcxproj -> D:\dev\Gameplay\NPC_RL_Prototype\build\Release\NPC_RL_Prototype.exe
  Copying FMOD DLLs to output directory
